2026-09-04 12:27:46 INFO  [C.C.CiCdFundamentalsApplication] - Starting CiCdFundamentalsApplication using Java 21.0.9 with PID 2824 (E:\Shreik\Ci-Cd_fundamentals\Ci-Cd_fundamentals\app\target\classes started by it in E:\Shreik\Ci-Cd_fundamentals\Ci-Cd_fundamentals\app)
2026-09-04 12:27:46 INFO  [C.C.CiCdFundamentalsApplication] - No active profile set, falling back to 1 default profile: "default"
2026-09-04 12:27:47 INFO  [o.s.b.d.e.DevToolsPropertyDefaultsPostProcessor] - Devtools property defaults active! Set 'spring.devtools.add-properties' to 'false' to disable
2026-09-04 12:27:47 INFO  [o.s.b.d.e.DevToolsPropertyDefaultsPostProcessor] - For additional web related logging consider setting the 'logging.level.web' property to 'DEBUG'
2026-09-04 12:27:47 INFO  [o.s.boot.tomcat.TomcatWebServer] - Tomcat initialized with port 8080 (http)
2026-09-04 12:27:47 INFO  [o.a.catalina.core.StandardService] - Starting service [Tomcat]
2026-09-04 12:27:47 INFO  [o.a.catalina.core.StandardEngine] - Starting Servlet engine: [Apache Tomcat/11.0.24]
2026-09-04 12:27:47 INFO  [o.s.b.w.c.s.WebApplicationContextInitializer] - Root WebApplicationContext: initialization completed in 870 ms
2026-09-04 12:27:48 INFO  [o.s.boot.tomcat.TomcatWebServer] - Tomcat started on port 8080 (http) with context path '/'
2026-09-04 12:27:48 INFO  [C.C.CiCdFundamentalsApplication] - Started CiCdFundamentalsApplication in 1.75 seconds (process running for 2.164)
2026-09-04 12:27:55 INFO  [o.a.c.c.C.[Tomcat].[localhost].[/]] - Initializing Spring DispatcherServlet 'dispatcherServlet'
2026-09-04 12:27:55 INFO  [o.s.web.servlet.DispatcherServlet] - Initializing Servlet 'dispatcherServlet'
2026-09-04 12:27:55 INFO  [o.s.web.servlet.DispatcherServlet] - Completed initialization in 1 ms
2026-09-04 12:27:55 INFO  [C.Ci_Cd_fundamentals.HelloController] - Request received: GET /error-test
2026-09-04 12:27:55 ERROR [C.Ci_Cd_fundamentals.HelloController] - ERROR TEST: Deliberate application error generated by /error-test
2026-09-04 12:27:57 INFO  [C.Ci_Cd_fundamentals.HelloController] - Request received: GET /error-test
2026-09-04 12:27:57 ERROR [C.Ci_Cd_fundamentals.HelloController] - ERROR TEST: Deliberate application error generated by /error-test
2026-09-04 12:28:05 INFO  [C.Ci_Cd_fundamentals.HelloController] - Request received: GET /
2026-09-04 12:28:06 INFO  [C.Ci_Cd_fundamentals.HelloController] - Request received: GET /
2026-09-04 12:28:07 INFO  [C.Ci_Cd_fundamentals.HelloController] - Request received: GET /
2026-09-04 12:28:11 INFO  [C.Ci_Cd_fundamentals.HelloController] - Request received: GET /error-test
2026-09-04 12:28:11 ERROR [C.Ci_Cd_fundamentals.HelloController] - ERROR TEST: Deliberate application error generated by /error-test
2026-09-04 12:28:16 INFO  [C.Ci_Cd_fundamentals.HelloController] - Request received: GET /error-test
2026-09-04 12:28:16 ERROR [C.Ci_Cd_fundamentals.HelloController] - ERROR TEST: Deliberate application error generated by /error-test
2026-09-04 12:28:21 INFO  [C.Ci_Cd_fundamentals.HelloController] - Request received: GET /
2026-09-04 12:28:23 INFO  [C.Ci_Cd_fundamentals.HelloController] - Request received: GET /health
2026-09-04 12:28:26 INFO  [C.Ci_Cd_fundamentals.HelloController] - Request received: GET /health
2026-09-04 12:28:26 INFO  [C.Ci_Cd_fundamentals.HelloController] - Request received: GET /health
2026-09-04 12:28:29 INFO  [C.Ci_Cd_fundamentals.HelloController] - Request received: GET /
2026-09-04 12:28:29 INFO  [C.Ci_Cd_fundamentals.HelloController] - Request received: GET /
2026-09-04 12:28:29 INFO  [C.Ci_Cd_fundamentals.HelloController] - Request received: GET /
2026-09-04 12:28:29 INFO  [C.Ci_Cd_fundamentals.HelloController] - Request received: GET /
2026-09-04 12:28:29 INFO  [C.Ci_Cd_fundamentals.HelloController] - Request received: GET /
2026-09-04 12:28:29 INFO  [C.Ci_Cd_fundamentals.HelloController] - Request received: GET /
2026-09-04 12:28:30 INFO  [C.Ci_Cd_fundamentals.HelloController] - Request received: GET /
2026-09-04 12:28:32 INFO  [C.Ci_Cd_fundamentals.HelloController] - Request received: GET /error-test
2026-09-04 12:28:32 ERROR [C.Ci_Cd_fundamentals.HelloController] - ERROR TEST: Deliberate application error generated by /error-test
2026-09-04 12:28:33 INFO  [C.Ci_Cd_fundamentals.HelloController] - Request received: GET /error-test
2026-09-04 12:28:33 ERROR [C.Ci_Cd_fundamentals.HelloController] - ERROR TEST: Deliberate application error generated by /error-test
2026-09-04 12:28:33 INFO  [C.Ci_Cd_fundamentals.HelloController] - Request received: GET /error-test
2026-09-04 12:28:33 ERROR [C.Ci_Cd_fundamentals.HelloController] - ERROR TEST: Deliberate application error generated by /error-test
2026-09-04 12:28:33 INFO  [C.Ci_Cd_fundamentals.HelloController] - Request received: GET /error-test
2026-09-04 12:28:33 ERROR [C.Ci_Cd_fundamentals.HelloController] - ERROR TEST: Deliberate application error generated by /error-test
2026-09-04 12:28:35 INFO  [C.Ci_Cd_fundamentals.HelloController] - Request received: GET /
2026-09-04 12:28:35 INFO  [C.Ci_Cd_fundamentals.HelloController] - Request received: GET /
2026-09-04 12:28:35 INFO  [C.Ci_Cd_fundamentals.HelloController] - Request received: GET /
2026-09-04 12:28:35 INFO  [C.Ci_Cd_fundamentals.HelloController] - Request received: GET /
2026-09-04 12:28:35 INFO  [C.Ci_Cd_fundamentals.HelloController] - Request received: GET /
2026-09-04 12:28:35 INFO  [C.Ci_Cd_fundamentals.HelloController] - Request received: GET /
2026-09-04 12:28:36 INFO  [C.Ci_Cd_fundamentals.HelloController] - Request received: GET /
2026-09-04 12:28:36 INFO  [C.Ci_Cd_fundamentals.HelloController] - Request received: GET /
2026-09-04 12:28:38 INFO  [C.Ci_Cd_fundamentals.HelloController] - Request received: GET /health
2026-09-04 12:28:38 INFO  [C.Ci_Cd_fundamentals.HelloController] - Request received: GET /health
2026-09-04 12:28:39 INFO  [C.Ci_Cd_fundamentals.HelloController] - Request received: GET /health
2026-09-04 12:28:39 INFO  [C.Ci_Cd_fundamentals.HelloController] - Request received: GET /health
2026-09-04 12:28:39 INFO  [C.Ci_Cd_fundamentals.HelloController] - Request received: GET /health
2026-09-04 12:28:39 INFO  [C.Ci_Cd_fundamentals.HelloController] - Request received: GET /health
2026-09-04 12:28:41 INFO  [C.Ci_Cd_fundamentals.HelloController] - Request received: GET /error-test
2026-09-04 12:28:41 ERROR [C.Ci_Cd_fundamentals.HelloController] - ERROR TEST: Deliberate application error generated by /error-test
2026-09-04 12:28:42 INFO  [C.Ci_Cd_fundamentals.HelloController] - Request received: GET /error-test
2026-09-04 12:28:42 ERROR [C.Ci_Cd_fundamentals.HelloController] - ERROR TEST: Deliberate application error generated by /error-test
2026-09-04 12:28:42 INFO  [C.Ci_Cd_fundamentals.HelloController] - Request received: GET /error-test
2026-09-04 12:28:42 ERROR [C.Ci_Cd_fundamentals.HelloController] - ERROR TEST: Deliberate application error generated by /error-test
2026-09-04 12:28:42 INFO  [C.Ci_Cd_fundamentals.HelloController] - Request received: GET /error-test
2026-09-04 12:28:42 ERROR [C.Ci_Cd_fundamentals.HelloController] - ERROR TEST: Deliberate application error generated by /error-test
2026-09-04 12:28:42 INFO  [C.Ci_Cd_fundamentals.HelloController] - Request received: GET /error-test
2026-09-04 12:28:42 ERROR [C.Ci_Cd_fundamentals.HelloController] - ERROR TEST: Deliberate application error generated by /error-test
2026-09-04 12:28:42 INFO  [C.Ci_Cd_fundamentals.HelloController] - Request received: GET /error-test
2026-09-04 12:28:42 ERROR [C.Ci_Cd_fundamentals.HelloController] - ERROR TEST: Deliberate application error generated by /error-test
2026-09-04 12:28:42 INFO  [C.Ci_Cd_fundamentals.HelloController] - Request received: GET /error-test
2026-09-04 12:28:42 ERROR [C.Ci_Cd_fundamentals.HelloController] - ERROR TEST: Deliberate application error generated by /error-test
2026-09-04 12:28:43 INFO  [C.Ci_Cd_fundamentals.HelloController] - Request received: GET /error-test
2026-09-04 12:28:43 ERROR [C.Ci_Cd_fundamentals.HelloController] - ERROR TEST: Deliberate application error generated by /error-test
2026-09-04 12:28:44 INFO  [C.Ci_Cd_fundamentals.HelloController] - Request received: GET /
2026-09-04 12:28:44 INFO  [C.Ci_Cd_fundamentals.HelloController] - Request received: GET /
2026-09-04 12:28:45 INFO  [C.Ci_Cd_fundamentals.HelloController] - Request received: GET /
2026-09-04 12:28:45 INFO  [C.Ci_Cd_fundamentals.HelloController] - Request received: GET /
2026-09-04 12:28:45 INFO  [C.Ci_Cd_fundamentals.HelloController] - Request received: GET /
2026-09-04 12:28:47 INFO  [C.Ci_Cd_fundamentals.HelloController] - Request received: GET /health
2026-09-04 12:28:47 INFO  [C.Ci_Cd_fundamentals.HelloController] - Request received: GET /health
2026-09-04 12:28:48 INFO  [C.Ci_Cd_fundamentals.HelloController] - Request received: GET /health
2026-09-04 12:28:48 INFO  [C.Ci_Cd_fundamentals.HelloController] - Request received: GET /health
2026-09-04 12:28:50 INFO  [C.Ci_Cd_fundamentals.HelloController] - Request received: GET /error-test
2026-09-04 12:28:50 ERROR [C.Ci_Cd_fundamentals.HelloController] - ERROR TEST: Deliberate application error generated by /error-test
2026-09-04 12:28:50 INFO  [C.Ci_Cd_fundamentals.HelloController] - Request received: GET /error-test
2026-09-04 12:28:50 ERROR [C.Ci_Cd_fundamentals.HelloController] - ERROR TEST: Deliberate application error generated by /error-test
2026-09-04 12:28:50 INFO  [C.Ci_Cd_fundamentals.HelloController] - Request received: GET /error-test
2026-09-04 12:28:50 ERROR [C.Ci_Cd_fundamentals.HelloController] - ERROR TEST: Deliberate application error generated by /error-test
2026-09-04 12:28:52 INFO  [C.Ci_Cd_fundamentals.HelloController] - Request received: GET /
2026-09-04 12:28:52 INFO  [C.Ci_Cd_fundamentals.HelloController] - Request received: GET /
2026-09-04 12:28:52 INFO  [C.Ci_Cd_fundamentals.HelloController] - Request received: GET /
2026-09-04 12:28:54 INFO  [C.Ci_Cd_fundamentals.HelloController] - Request received: GET /health
2026-09-04 12:28:54 INFO  [C.Ci_Cd_fundamentals.HelloController] - Request received: GET /health
2026-09-04 12:28:56 INFO  [C.Ci_Cd_fundamentals.HelloController] - Request received: GET /error-test
2026-09-04 12:28:56 ERROR [C.Ci_Cd_fundamentals.HelloController] - ERROR TEST: Deliberate application error generated by /error-test
2026-09-04 12:28:56 INFO  [C.Ci_Cd_fundamentals.HelloController] - Request received: GET /error-test
2026-09-04 12:28:56 ERROR [C.Ci_Cd_fundamentals.HelloController] - ERROR TEST: Deliberate application error generated by /error-test
2026-09-04 12:28:57 INFO  [C.Ci_Cd_fundamentals.HelloController] - Request received: GET /error-test
2026-09-04 12:28:57 ERROR [C.Ci_Cd_fundamentals.HelloController] - ERROR TEST: Deliberate application error generated by /error-test
